// Vitest Snapshot v1, https://vitest.dev/guide/snapshot.html

exports[`AnimalRecordsChart > deve corresponder ao snapshot 1`] = `
<div>
  <div
    data-testid="card"
  >
    <div
      data-testid="card-header"
    >
      <h2
        data-testid="card-title"
      >
        Relatório de Animais Resgatados
      </h2>
      <p
        data-testid="card-description"
      >
        Gráfico mostrando a quantidade de animais resgatados por espécie e data.
      </p>
    </div>
    <div
      data-testid="card-content"
      style="width: 100%; height: 100%;"
    >
      <div
        config="[object Object]"
        data-testid="chart-container"
        style="width: 100%; height: 100%;"
      >
        <div
          data-testid="responsive-container"
        >
          <div
            data="[object Object],[object Object],[object Object]"
            data-testid="line-chart"
            height="100%"
            margin="[object Object]"
            width="100%"
          >
            <div
              data-testid="cartesian-grid"
              data-vertical="false"
            >
              CartesianGrid
            </div>
            <div
              data-key="month"
              data-testid="x-axis"
              tickmargin="8"
            >
              XAxis
            </div>
            <div
              content="[object Object]"
              data-testid="chart-tooltip"
            />
            <div
              data-testid="legend"
            >
              Legend
            </div>
            <div
              data-key="Dog"
              data-stroke="hsl(var(--chart-1))"
              data-stroke-width="2"
              data-testid="line"
              dot="[object Object]"
              type="monotone"
            >
              Line
            </div>
            <div
              data-key="Cat"
              data-stroke="hsl(var(--chart-2))"
              data-stroke-width="2"
              data-testid="line"
              dot="[object Object]"
              type="monotone"
            >
              Line
            </div>
            <div
              data-key="Rabbit"
              data-stroke="hsl(var(--chart-3))"
              data-stroke-width="2"
              data-testid="line"
              dot="[object Object]"
              type="monotone"
            >
              Line
            </div>
          </div>
        </div>
      </div>
    </div>
  </div>
</div>
`;
