// Vitest Snapshot v1, https://vitest.dev/guide/snapshot.html

exports[`MapComponent > deve corresponder ao snapshot 1`] = `
<div>
  <div
    data-testid="rmap"
  >
    <div
      data-testid="rosm"
    />
    <div
      data-testid="rlayervector"
    >
      <div
        data-geometry="{"coords":[[-74.006,40.7128],[-74.005,40.7138]]}"
        data-testid="rfeature"
      >
        <div
          data-testid="rstyle"
        >
          <div
            data-color="black"
            data-linecap="butt"
            data-testid="rstroke"
            data-width="2"
          />
        </div>
      </div>
      <div
        data-geometry="{"coords":[-74.0055,40.713300000000004]}"
        data-testid="rfeature"
      >
        <div
          data-testid="rstyle"
        >
          <div
            data-anchor="[0.5,0.5]"
            data-rotatewithview="false"
            data-rotation="-0.7853981633938956"
            data-scale="1"
            data-src="data:image/svg+xml;utf8,%0A%20%20%20%20%3Csvg%20xmlns%3D%22http%3A%2F%2Fwww.w3.org%2F2000%2Fsvg%22%20width%3D%2220%22%20height%3D%2220%22%20viewBox%3D%220%200%2020%2020%22%3E%0A%20%20%20%20%20%20%3Cpolygon%20points%3D%220%2C5%2015%2C10%200%2C15%22%20fill%3D%22red%22%20%2F%3E%0A%20%20%20%20%3C%2Fsvg%3E%0A%20%20"
            data-testid="ricon"
          />
        </div>
      </div>
      <div
        data-geometry="{"coords":[-74.0055,40.713300000000004]}"
        data-testid="rfeature"
      >
        <div
          data-testid="rstyle"
        >
          <div
            data-fill="{"color":"black"}"
            data-offsety="-20"
            data-stroke="{"color":"white","width":2}"
            data-testid="rtext"
            data-text="1 m"
          >
            1 m
          </div>
        </div>
      </div>
      <div
        data-geometry="{"coords":[[-118.2437,34.0522],[-118.2436,34.0523]]}"
        data-testid="rfeature"
      >
        <div
          data-testid="rstyle"
        >
          <div
            data-color="black"
            data-linecap="butt"
            data-testid="rstroke"
            data-width="2"
          />
        </div>
      </div>
      <div
        data-geometry="{"coords":[-118.24365,34.05225]}"
        data-testid="rfeature"
      >
        <div
          data-testid="rstyle"
        >
          <div
            data-anchor="[0.5,0.5]"
            data-rotatewithview="false"
            data-rotation="-0.7853981633974483"
            data-scale="1"
            data-src="data:image/svg+xml;utf8,%0A%20%20%20%20%3Csvg%20xmlns%3D%22http%3A%2F%2Fwww.w3.org%2F2000%2Fsvg%22%20width%3D%2220%22%20height%3D%2220%22%20viewBox%3D%220%200%2020%2020%22%3E%0A%20%20%20%20%20%20%3Cpolygon%20points%3D%220%2C5%2015%2C10%200%2C15%22%20fill%3D%22red%22%20%2F%3E%0A%20%20%20%20%3C%2Fsvg%3E%0A%20%20"
            data-testid="ricon"
          />
        </div>
      </div>
      <div
        data-geometry="{"coords":[-118.24365,34.05225]}"
        data-testid="rfeature"
      >
        <div
          data-testid="rstyle"
        >
          <div
            data-fill="{"color":"black"}"
            data-offsety="-20"
            data-stroke="{"color":"white","width":2}"
            data-testid="rtext"
            data-text="0 m"
          >
            0 m
          </div>
        </div>
      </div>
      <div
        data-geometry="{"coords":[[-0.1278,51.5074],[-0.1277,51.5075]]}"
        data-testid="rfeature"
      >
        <div
          data-testid="rstyle"
        >
          <div
            data-color="black"
            data-linecap="butt"
            data-testid="rstroke"
            data-width="2"
          />
        </div>
      </div>
      <div
        data-geometry="{"coords":[-0.12775,51.50745]}"
        data-testid="rfeature"
      >
        <div
          data-testid="rstyle"
        >
          <div
            data-anchor="[0.5,0.5]"
            data-rotatewithview="false"
            data-rotation="-0.7853981634141016"
            data-scale="1"
            data-src="data:image/svg+xml;utf8,%0A%20%20%20%20%3Csvg%20xmlns%3D%22http%3A%2F%2Fwww.w3.org%2F2000%2Fsvg%22%20width%3D%2220%22%20height%3D%2220%22%20viewBox%3D%220%200%2020%2020%22%3E%0A%20%20%20%20%20%20%3Cpolygon%20points%3D%220%2C5%2015%2C10%200%2C15%22%20fill%3D%22red%22%20%2F%3E%0A%20%20%20%20%3C%2Fsvg%3E%0A%20%20"
            data-testid="ricon"
          />
        </div>
      </div>
      <div
        data-geometry="{"coords":[-0.12775,51.50745]}"
        data-testid="rfeature"
      >
        <div
          data-testid="rstyle"
        >
          <div
            data-fill="{"color":"black"}"
            data-offsety="-20"
            data-stroke="{"color":"white","width":2}"
            data-testid="rtext"
            data-text="0 m"
          >
            0 m
          </div>
        </div>
      </div>
    </div>
  </div>
</div>
`;
